// Vitest Snapshot v1, https://vitest.dev/guide/snapshot.html

exports[`e2e:comments > should parse javascript comments ("source/01.txt") 1`] = `
[
  [
    "enter",
    {
      "end": {
        "_bufferIndex": -1,
        "_index": 2,
        "column": 1,
        "line": 2,
        "offset": 24,
      },
      "kind": "hashbang",
      "lang": undefined,
      "start": {
        "_bufferIndex": 0,
        "_index": 0,
        "column": 1,
        "line": 1,
        "offset": 0,
      },
      "type": "comment",
    },
  ],
  [
    "enter",
    {
      "end": {
        "_bufferIndex": 2,
        "_index": 0,
        "column": 3,
        "line": 1,
        "offset": 2,
      },
      "start": {
        "_bufferIndex": 0,
        "_index": 0,
        "column": 1,
        "line": 1,
        "offset": 0,
      },
      "type": "commentLinePrefix",
    },
  ],
  [
    "enter",
    {
      "end": {
        "_bufferIndex": 1,
        "_index": 0,
        "column": 2,
        "line": 1,
        "offset": 1,
      },
      "start": {
        "_bufferIndex": 0,
        "_index": 0,
        "column": 1,
        "line": 1,
        "offset": 0,
      },
      "type": "commentMarker",
      "value": "#",
    },
  ],
  [
    "exit",
    {
      "end": {
        "_bufferIndex": 1,
        "_index": 0,
        "column": 2,
        "line": 1,
        "offset": 1,
      },
      "start": {
        "_bufferIndex": 0,
        "_index": 0,
        "column": 1,
        "line": 1,
        "offset": 0,
      },
      "type": "commentMarker",
      "value": "#",
    },
  ],
  [
    "enter",
    {
      "end": {
        "_bufferIndex": 2,
        "_index": 0,
        "column": 3,
        "line": 1,
        "offset": 2,
      },
      "start": {
        "_bufferIndex": 1,
        "_index": 0,
        "column": 2,
        "line": 1,
        "offset": 1,
      },
      "type": "commentMarker",
      "value": "!",
    },
  ],
  [
    "exit",
    {
      "end": {
        "_bufferIndex": 2,
        "_index": 0,
        "column": 3,
        "line": 1,
        "offset": 2,
      },
      "start": {
        "_bufferIndex": 1,
        "_index": 0,
        "column": 2,
        "line": 1,
        "offset": 1,
      },
      "type": "commentMarker",
      "value": "!",
    },
  ],
  [
    "exit",
    {
      "end": {
        "_bufferIndex": 2,
        "_index": 0,
        "column": 3,
        "line": 1,
        "offset": 2,
      },
      "start": {
        "_bufferIndex": 0,
        "_index": 0,
        "column": 1,
        "line": 1,
        "offset": 0,
      },
      "type": "commentLinePrefix",
    },
  ],
  [
    "enter",
    {
      "end": {
        "_bufferIndex": 14,
        "_index": 0,
        "column": 15,
        "line": 1,
        "offset": 14,
      },
      "start": {
        "_bufferIndex": 2,
        "_index": 0,
        "column": 3,
        "line": 1,
        "offset": 2,
      },
      "type": "interpreterPath",
      "value": "/usr/bin/env",
    },
  ],
  [
    "exit",
    {
      "end": {
        "_bufferIndex": 14,
        "_index": 0,
        "column": 15,
        "line": 1,
        "offset": 14,
      },
      "start": {
        "_bufferIndex": 2,
        "_index": 0,
        "column": 3,
        "line": 1,
        "offset": 2,
      },
      "type": "interpreterPath",
      "value": "/usr/bin/env",
    },
  ],
  [
    "enter",
    {
      "end": {
        "_bufferIndex": 15,
        "_index": 0,
        "column": 16,
        "line": 1,
        "offset": 15,
      },
      "start": {
        "_bufferIndex": 14,
        "_index": 0,
        "column": 15,
        "line": 1,
        "offset": 14,
      },
      "type": "whitespace",
      "value": " ",
    },
  ],
  [
    "exit",
    {
      "end": {
        "_bufferIndex": 15,
        "_index": 0,
        "column": 16,
        "line": 1,
        "offset": 15,
      },
      "start": {
        "_bufferIndex": 14,
        "_index": 0,
        "column": 15,
        "line": 1,
        "offset": 14,
      },
      "type": "whitespace",
      "value": " ",
    },
  ],
  [
    "enter",
    {
      "end": {
        "_bufferIndex": -1,
        "_index": 1,
        "column": 24,
        "line": 1,
        "offset": 23,
      },
      "start": {
        "_bufferIndex": 15,
        "_index": 0,
        "column": 16,
        "line": 1,
        "offset": 15,
      },
      "type": "interpreterArgument",
      "value": "tsx-node",
    },
  ],
  [
    "exit",
    {
      "end": {
        "_bufferIndex": -1,
        "_index": 1,
        "column": 24,
        "line": 1,
        "offset": 23,
      },
      "start": {
        "_bufferIndex": 15,
        "_index": 0,
        "column": 16,
        "line": 1,
        "offset": 15,
      },
      "type": "interpreterArgument",
      "value": "tsx-node",
    },
  ],
  [
    "enter",
    {
      "end": {
        "_bufferIndex": -1,
        "_index": 2,
        "column": 1,
        "line": 2,
        "offset": 24,
      },
      "start": {
        "_bufferIndex": -1,
        "_index": 1,
        "column": 24,
        "line": 1,
        "offset": 23,
      },
      "type": "lineEnding",
      "value": "
",
    },
  ],
  [
    "exit",
    {
      "end": {
        "_bufferIndex": -1,
        "_index": 2,
        "column": 1,
        "line": 2,
        "offset": 24,
      },
      "start": {
        "_bufferIndex": -1,
        "_index": 1,
        "column": 24,
        "line": 1,
        "offset": 23,
      },
      "type": "lineEnding",
      "value": "
",
    },
  ],
  [
    "exit",
    {
      "end": {
        "_bufferIndex": -1,
        "_index": 2,
        "column": 1,
        "line": 2,
        "offset": 24,
      },
      "kind": "hashbang",
      "lang": undefined,
      "start": {
        "_bufferIndex": 0,
        "_index": 0,
        "column": 1,
        "line": 1,
        "offset": 0,
      },
      "type": "comment",
    },
  ],
  [
    "enter",
    {
      "end": {
        "_bufferIndex": -1,
        "_index": 39,
        "column": 1,
        "line": 21,
        "offset": 624,
      },
      "kind": "line",
      "lang": "js",
      "start": {
        "_bufferIndex": 14,
        "_index": 37,
        "column": 15,
        "line": 20,
        "offset": 569,
      },
      "type": "comment",
    },
  ],
  [
    "enter",
    {
      "end": {
        "_bufferIndex": 17,
        "_index": 37,
        "column": 18,
        "line": 20,
        "offset": 572,
      },
      "start": {
        "_bufferIndex": 14,
        "_index": 37,
        "column": 15,
        "line": 20,
        "offset": 569,
      },
      "type": "commentLinePrefix",
    },
  ],
  [
    "enter",
    {
      "_open": true,
      "end": {
        "_bufferIndex": 15,
        "_index": 37,
        "column": 16,
        "line": 20,
        "offset": 570,
      },
      "start": {
        "_bufferIndex": 14,
        "_index": 37,
        "column": 15,
        "line": 20,
        "offset": 569,
      },
      "type": "commentMarker",
      "value": "/",
    },
  ],
  [
    "exit",
    {
      "_open": true,
      "end": {
        "_bufferIndex": 15,
        "_index": 37,
        "column": 16,
        "line": 20,
        "offset": 570,
      },
      "start": {
        "_bufferIndex": 14,
        "_index": 37,
        "column": 15,
        "line": 20,
        "offset": 569,
      },
      "type": "commentMarker",
      "value": "/",
    },
  ],
  [
    "enter",
    {
      "_close": true,
      "end": {
        "_bufferIndex": 16,
        "_index": 37,
        "column": 17,
        "line": 20,
        "offset": 571,
      },
      "start": {
        "_bufferIndex": 15,
        "_index": 37,
        "column": 16,
        "line": 20,
        "offset": 570,
      },
      "type": "commentMarker",
      "value": "/",
    },
  ],
  [
    "exit",
    {
      "_close": true,
      "end": {
        "_bufferIndex": 16,
        "_index": 37,
        "column": 17,
        "line": 20,
        "offset": 571,
      },
      "start": {
        "_bufferIndex": 15,
        "_index": 37,
        "column": 16,
        "line": 20,
        "offset": 570,
      },
      "type": "commentMarker",
      "value": "/",
    },
  ],
  [
    "enter",
    {
      "end": {
        "_bufferIndex": 17,
        "_index": 37,
        "column": 18,
        "line": 20,
        "offset": 572,
      },
      "start": {
        "_bufferIndex": 16,
        "_index": 37,
        "column": 17,
        "line": 20,
        "offset": 571,
      },
      "type": "commentPadding",
      "value": " ",
    },
  ],
  [
    "exit",
    {
      "end": {
        "_bufferIndex": 17,
        "_index": 37,
        "column": 18,
        "line": 20,
        "offset": 572,
      },
      "start": {
        "_bufferIndex": 16,
        "_index": 37,
        "column": 17,
        "line": 20,
        "offset": 571,
      },
      "type": "commentPadding",
      "value": " ",
    },
  ],
  [
    "exit",
    {
      "end": {
        "_bufferIndex": 17,
        "_index": 37,
        "column": 18,
        "line": 20,
        "offset": 572,
      },
      "start": {
        "_bufferIndex": 14,
        "_index": 37,
        "column": 15,
        "line": 20,
        "offset": 569,
      },
      "type": "commentLinePrefix",
    },
  ],
  [
    "enter",
    {
      "_container": true,
      "_region": true,
      "end": {
        "_bufferIndex": -1,
        "_index": 1,
        "column": 69,
        "line": 20,
        "offset": 623,
      },
      "start": {
        "_bufferIndex": 0,
        "_index": 0,
        "column": 18,
        "line": 20,
        "offset": 572,
      },
      "type": "summary",
    },
  ],
  [
    "enter",
    {
      "end": {
        "_bufferIndex": 0,
        "_index": 0,
        "column": 18,
        "line": 20,
        "offset": 572,
      },
      "start": {
        "_bufferIndex": 0,
        "_index": 0,
        "column": 18,
        "line": 20,
        "offset": 572,
      },
      "type": "summaryMarker",
    },
  ],
  [
    "exit",
    {
      "end": {
        "_bufferIndex": 0,
        "_index": 0,
        "column": 18,
        "line": 20,
        "offset": 572,
      },
      "start": {
        "_bufferIndex": 0,
        "_index": 0,
        "column": 18,
        "line": 20,
        "offset": 572,
      },
      "type": "summaryMarker",
    },
  ],
  [
    "enter",
    {
      "end": {
        "_bufferIndex": -1,
        "_index": 1,
        "column": 69,
        "line": 20,
        "offset": 623,
      },
      "start": {
        "_bufferIndex": 0,
        "_index": 0,
        "column": 18,
        "line": 20,
        "offset": 572,
      },
      "type": "content",
    },
  ],
  [
    "enter",
    {
      "end": {
        "_bufferIndex": -1,
        "_index": 1,
        "column": 69,
        "line": 20,
        "offset": 623,
      },
      "start": {
        "_bufferIndex": 0,
        "_index": 0,
        "column": 18,
        "line": 20,
        "offset": 572,
      },
      "type": "paragraph",
    },
  ],
  [
    "enter",
    {
      "end": {
        "_bufferIndex": -1,
        "_index": 1,
        "column": 69,
        "line": 20,
        "offset": 623,
      },
      "start": {
        "_bufferIndex": 0,
        "_index": 0,
        "column": 18,
        "line": 20,
        "offset": 572,
      },
      "type": "data",
      "value": "reset container state to get ready for new comment.",
    },
  ],
  [
    "exit",
    {
      "end": {
        "_bufferIndex": -1,
        "_index": 1,
        "column": 69,
        "line": 20,
        "offset": 623,
      },
      "start": {
        "_bufferIndex": 0,
        "_index": 0,
        "column": 18,
        "line": 20,
        "offset": 572,
      },
      "type": "data",
      "value": "reset container state to get ready for new comment.",
    },
  ],
  [
    "exit",
    {
      "end": {
        "_bufferIndex": -1,
        "_index": 1,
        "column": 69,
        "line": 20,
        "offset": 623,
      },
      "start": {
        "_bufferIndex": 0,
        "_index": 0,
        "column": 18,
        "line": 20,
        "offset": 572,
      },
      "type": "paragraph",
    },
  ],
  [
    "exit",
    {
      "end": {
        "_bufferIndex": -1,
        "_index": 1,
        "column": 69,
        "line": 20,
        "offset": 623,
      },
      "start": {
        "_bufferIndex": 0,
        "_index": 0,
        "column": 18,
        "line": 20,
        "offset": 572,
      },
      "type": "content",
    },
  ],
  [
    "exit",
    {
      "_container": true,
      "_region": true,
      "end": {
        "_bufferIndex": -1,
        "_index": 1,
        "column": 69,
        "line": 20,
        "offset": 623,
      },
      "start": {
        "_bufferIndex": 0,
        "_index": 0,
        "column": 18,
        "line": 20,
        "offset": 572,
      },
      "type": "summary",
    },
  ],
  [
    "enter",
    {
      "end": {
        "_bufferIndex": -1,
        "_index": 2,
        "column": 1,
        "line": 21,
        "offset": 624,
      },
      "start": {
        "_bufferIndex": -1,
        "_index": 1,
        "column": 69,
        "line": 20,
        "offset": 623,
      },
      "type": "lineEnding",
      "value": "
",
    },
  ],
  [
    "exit",
    {
      "end": {
        "_bufferIndex": -1,
        "_index": 2,
        "column": 1,
        "line": 21,
        "offset": 624,
      },
      "start": {
        "_bufferIndex": -1,
        "_index": 1,
        "column": 69,
        "line": 20,
        "offset": 623,
      },
      "type": "lineEnding",
      "value": "
",
    },
  ],
  [
    "exit",
    {
      "end": {
        "_bufferIndex": -1,
        "_index": 39,
        "column": 1,
        "line": 21,
        "offset": 624,
      },
      "kind": "line",
      "lang": "js",
      "start": {
        "_bufferIndex": 14,
        "_index": 37,
        "column": 15,
        "line": 20,
        "offset": 569,
      },
      "type": "comment",
    },
  ],
  [
    "enter",
    {
      "end": {
        "_bufferIndex": 0,
        "_index": 46,
        "column": 1,
        "line": 25,
        "offset": 810,
      },
      "kind": "line",
      "lang": "js",
      "start": {
        "_bufferIndex": 4,
        "_index": 40,
        "column": 5,
        "line": 22,
        "offset": 629,
      },
      "type": "comment",
    },
  ],
  [
    "enter",
    {
      "end": {
        "_bufferIndex": 7,
        "_index": 40,
        "column": 8,
        "line": 22,
        "offset": 632,
      },
      "start": {
        "_bufferIndex": 4,
        "_index": 40,
        "column": 5,
        "line": 22,
        "offset": 629,
      },
      "type": "commentLinePrefix",
    },
  ],
  [
    "enter",
    {
      "_open": true,
      "end": {
        "_bufferIndex": 5,
        "_index": 40,
        "column": 6,
        "line": 22,
        "offset": 630,
      },
      "start": {
        "_bufferIndex": 4,
        "_index": 40,
        "column": 5,
        "line": 22,
        "offset": 629,
      },
      "type": "commentMarker",
      "value": "/",
    },
  ],
  [
    "exit",
    {
      "_open": true,
      "end": {
        "_bufferIndex": 5,
        "_index": 40,
        "column": 6,
        "line": 22,
        "offset": 630,
      },
      "start": {
        "_bufferIndex": 4,
        "_index": 40,
        "column": 5,
        "line": 22,
        "offset": 629,
      },
      "type": "commentMarker",
      "value": "/",
    },
  ],
  [
    "enter",
    {
      "_close": true,
      "end": {
        "_bufferIndex": 6,
        "_index": 40,
        "column": 7,
        "line": 22,
        "offset": 631,
      },
      "start": {
        "_bufferIndex": 5,
        "_index": 40,
        "column": 6,
        "line": 22,
        "offset": 630,
      },
      "type": "commentMarker",
      "value": "/",
    },
  ],
  [
    "exit",
    {
      "_close": true,
      "end": {
        "_bufferIndex": 6,
        "_index": 40,
        "column": 7,
        "line": 22,
        "offset": 631,
      },
      "start": {
        "_bufferIndex": 5,
        "_index": 40,
        "column": 6,
        "line": 22,
        "offset": 630,
      },
      "type": "commentMarker",
      "value": "/",
    },
  ],
  [
    "enter",
    {
      "end": {
        "_bufferIndex": 7,
        "_index": 40,
        "column": 8,
        "line": 22,
        "offset": 632,
      },
      "start": {
        "_bufferIndex": 6,
        "_index": 40,
        "column": 7,
        "line": 22,
        "offset": 631,
      },
      "type": "commentPadding",
      "value": " ",
    },
  ],
  [
    "exit",
    {
      "end": {
        "_bufferIndex": 7,
        "_index": 40,
        "column": 8,
        "line": 22,
        "offset": 632,
      },
      "start": {
        "_bufferIndex": 6,
        "_index": 40,
        "column": 7,
        "line": 22,
        "offset": 631,
      },
      "type": "commentPadding",
      "value": " ",
    },
  ],
  [
    "exit",
    {
      "end": {
        "_bufferIndex": 7,
        "_index": 40,
        "column": 8,
        "line": 22,
        "offset": 632,
      },
      "start": {
        "_bufferIndex": 4,
        "_index": 40,
        "column": 5,
        "line": 22,
        "offset": 629,
      },
      "type": "commentLinePrefix",
    },
  ],
  [
    "enter",
    {
      "_container": true,
      "_region": true,
      "end": {
        "_bufferIndex": -1,
        "_index": 5,
        "column": 42,
        "line": 24,
        "offset": 809,
      },
      "start": {
        "_bufferIndex": 0,
        "_index": 0,
        "column": 8,
        "line": 22,
        "offset": 632,
      },
      "type": "summary",
    },
  ],
  [
    "enter",
    {
      "end": {
        "_bufferIndex": 0,
        "_index": 0,
        "column": 8,
        "line": 22,
        "offset": 632,
      },
      "start": {
        "_bufferIndex": 0,
        "_index": 0,
        "column": 8,
        "line": 22,
        "offset": 632,
      },
      "type": "summaryMarker",
    },
  ],
  [
    "exit",
    {
      "end": {
        "_bufferIndex": 0,
        "_index": 0,
        "column": 8,
        "line": 22,
        "offset": 632,
      },
      "start": {
        "_bufferIndex": 0,
        "_index": 0,
        "column": 8,
        "line": 22,
        "offset": 632,
      },
      "type": "summaryMarker",
    },
  ],
  [
    "enter",
    {
      "end": {
        "_bufferIndex": -1,
        "_index": 5,
        "column": 42,
        "line": 24,
        "offset": 809,
      },
      "start": {
        "_bufferIndex": 0,
        "_index": 0,
        "column": 8,
        "line": 22,
        "offset": 632,
      },
      "type": "content",
    },
  ],
  [
    "enter",
    {
      "end": {
        "_bufferIndex": -1,
        "_index": 5,
        "column": 42,
        "line": 24,
        "offset": 809,
      },
      "start": {
        "_bufferIndex": 0,
        "_index": 0,
        "column": 8,
        "line": 22,
        "offset": 632,
      },
      "type": "paragraph",
    },
  ],
  [
    "enter",
    {
      "end": {
        "_bufferIndex": -1,
        "_index": 1,
        "column": 71,
        "line": 22,
        "offset": 695,
      },
      "start": {
        "_bufferIndex": 0,
        "_index": 0,
        "column": 8,
        "line": 22,
        "offset": 632,
      },
      "type": "data",
      "value": "capture current number of events before attempting the comment.",
    },
  ],
  [
    "exit",
    {
      "end": {
        "_bufferIndex": -1,
        "_index": 1,
        "column": 71,
        "line": 22,
        "offset": 695,
      },
      "start": {
        "_bufferIndex": 0,
        "_index": 0,
        "column": 8,
        "line": 22,
        "offset": 632,
      },
      "type": "data",
      "value": "capture current number of events before attempting the comment.",
    },
  ],
  [
    "enter",
    {
      "end": {
        "_bufferIndex": -1,
        "_index": 2,
        "column": 1,
        "line": 23,
        "offset": 696,
      },
      "start": {
        "_bufferIndex": -1,
        "_index": 1,
        "column": 71,
        "line": 22,
        "offset": 695,
      },
      "type": "lineEnding",
      "value": "
",
    },
  ],
  [
    "exit",
    {
      "end": {
        "_bufferIndex": -1,
        "_index": 2,
        "column": 1,
        "line": 23,
        "offset": 696,
      },
      "start": {
        "_bufferIndex": -1,
        "_index": 1,
        "column": 71,
        "line": 22,
        "offset": 695,
      },
      "type": "lineEnding",
      "value": "
",
    },
  ],
  [
    "enter",
    {
      "end": {
        "_bufferIndex": 4,
        "_index": 42,
        "column": 5,
        "line": 23,
        "offset": 700,
      },
      "start": {
        "_bufferIndex": 0,
        "_index": 42,
        "column": 1,
        "line": 23,
        "offset": 696,
      },
      "type": "commentPadding",
      "value": "    ",
    },
  ],
  [
    "exit",
    {
      "end": {
        "_bufferIndex": 4,
        "_index": 42,
        "column": 5,
        "line": 23,
        "offset": 700,
      },
      "start": {
        "_bufferIndex": 0,
        "_index": 42,
        "column": 1,
        "line": 23,
        "offset": 696,
      },
      "type": "commentPadding",
      "value": "    ",
    },
  ],
  [
    "enter",
    {
      "end": {
        "_bufferIndex": 7,
        "_index": 42,
        "column": 8,
        "line": 23,
        "offset": 703,
      },
      "start": {
        "_bufferIndex": 4,
        "_index": 42,
        "column": 5,
        "line": 23,
        "offset": 700,
      },
      "type": "commentLinePrefix",
    },
  ],
  [
    "enter",
    {
      "_open": true,
      "end": {
        "_bufferIndex": 5,
        "_index": 42,
        "column": 6,
        "line": 23,
        "offset": 701,
      },
      "start": {
        "_bufferIndex": 4,
        "_index": 42,
        "column": 5,
        "line": 23,
        "offset": 700,
      },
      "type": "commentMarker",
      "value": "/",
    },
  ],
  [
    "exit",
    {
      "_open": true,
      "end": {
        "_bufferIndex": 5,
        "_index": 42,
        "column": 6,
        "line": 23,
        "offset": 701,
      },
      "start": {
        "_bufferIndex": 4,
        "_index": 42,
        "column": 5,
        "line": 23,
        "offset": 700,
      },
      "type": "commentMarker",
      "value": "/",
    },
  ],
  [
    "enter",
    {
      "_close": true,
      "end": {
        "_bufferIndex": 6,
        "_index": 42,
        "column": 7,
        "line": 23,
        "offset": 702,
      },
      "start": {
        "_bufferIndex": 5,
        "_index": 42,
        "column": 6,
        "line": 23,
        "offset": 701,
      },
      "type": "commentMarker",
      "value": "/",
    },
  ],
  [
    "exit",
    {
      "_close": true,
      "end": {
        "_bufferIndex": 6,
        "_index": 42,
        "column": 7,
        "line": 23,
        "offset": 702,
      },
      "start": {
        "_bufferIndex": 5,
        "_index": 42,
        "column": 6,
        "line": 23,
        "offset": 701,
      },
      "type": "commentMarker",
      "value": "/",
    },
  ],
  [
    "enter",
    {
      "end": {
        "_bufferIndex": 7,
        "_index": 42,
        "column": 8,
        "line": 23,
        "offset": 703,
      },
      "start": {
        "_bufferIndex": 6,
        "_index": 42,
        "column": 7,
        "line": 23,
        "offset": 702,
      },
      "type": "commentPadding",
      "value": " ",
    },
  ],
  [
    "exit",
    {
      "end": {
        "_bufferIndex": 7,
        "_index": 42,
        "column": 8,
        "line": 23,
        "offset": 703,
      },
      "start": {
        "_bufferIndex": 6,
        "_index": 42,
        "column": 7,
        "line": 23,
        "offset": 702,
      },
      "type": "commentPadding",
      "value": " ",
    },
  ],
  [
    "exit",
    {
      "end": {
        "_bufferIndex": 7,
        "_index": 42,
        "column": 8,
        "line": 23,
        "offset": 703,
      },
      "start": {
        "_bufferIndex": 4,
        "_index": 42,
        "column": 5,
        "line": 23,
        "offset": 700,
      },
      "type": "commentLinePrefix",
    },
  ],
  [
    "enter",
    {
      "end": {
        "_bufferIndex": -1,
        "_index": 3,
        "column": 72,
        "line": 23,
        "offset": 767,
      },
      "start": {
        "_bufferIndex": 0,
        "_index": 2,
        "column": 8,
        "line": 23,
        "offset": 703,
      },
      "type": "data",
      "value": "this is used to determine where to begin forwarding tokens after",
    },
  ],
  [
    "exit",
    {
      "end": {
        "_bufferIndex": -1,
        "_index": 3,
        "column": 72,
        "line": 23,
        "offset": 767,
      },
      "start": {
        "_bufferIndex": 0,
        "_index": 2,
        "column": 8,
        "line": 23,
        "offset": 703,
      },
      "type": "data",
      "value": "this is used to determine where to begin forwarding tokens after",
    },
  ],
  [
    "enter",
    {
      "end": {
        "_bufferIndex": -1,
        "_index": 4,
        "column": 1,
        "line": 24,
        "offset": 768,
      },
      "start": {
        "_bufferIndex": -1,
        "_index": 3,
        "column": 72,
        "line": 23,
        "offset": 767,
      },
      "type": "lineEnding",
      "value": "
",
    },
  ],
  [
    "exit",
    {
      "end": {
        "_bufferIndex": -1,
        "_index": 4,
        "column": 1,
        "line": 24,
        "offset": 768,
      },
      "start": {
        "_bufferIndex": -1,
        "_index": 3,
        "column": 72,
        "line": 23,
        "offset": 767,
      },
      "type": "lineEnding",
      "value": "
",
    },
  ],
  [
    "enter",
    {
      "end": {
        "_bufferIndex": 4,
        "_index": 44,
        "column": 5,
        "line": 24,
        "offset": 772,
      },
      "start": {
        "_bufferIndex": 0,
        "_index": 44,
        "column": 1,
        "line": 24,
        "offset": 768,
      },
      "type": "commentPadding",
      "value": "    ",
    },
  ],
  [
    "exit",
    {
      "end": {
        "_bufferIndex": 4,
        "_index": 44,
        "column": 5,
        "line": 24,
        "offset": 772,
      },
      "start": {
        "_bufferIndex": 0,
        "_index": 44,
        "column": 1,
        "line": 24,
        "offset": 768,
      },
      "type": "commentPadding",
      "value": "    ",
    },
  ],
  [
    "enter",
    {
      "end": {
        "_bufferIndex": 7,
        "_index": 44,
        "column": 8,
        "line": 24,
        "offset": 775,
      },
      "start": {
        "_bufferIndex": 4,
        "_index": 44,
        "column": 5,
        "line": 24,
        "offset": 772,
      },
      "type": "commentLinePrefix",
    },
  ],
  [
    "enter",
    {
      "_open": true,
      "end": {
        "_bufferIndex": 5,
        "_index": 44,
        "column": 6,
        "line": 24,
        "offset": 773,
      },
      "start": {
        "_bufferIndex": 4,
        "_index": 44,
        "column": 5,
        "line": 24,
        "offset": 772,
      },
      "type": "commentMarker",
      "value": "/",
    },
  ],
  [
    "exit",
    {
      "_open": true,
      "end": {
        "_bufferIndex": 5,
        "_index": 44,
        "column": 6,
        "line": 24,
        "offset": 773,
      },
      "start": {
        "_bufferIndex": 4,
        "_index": 44,
        "column": 5,
        "line": 24,
        "offset": 772,
      },
      "type": "commentMarker",
      "value": "/",
    },
  ],
  [
    "enter",
    {
      "_close": true,
      "end": {
        "_bufferIndex": 6,
        "_index": 44,
        "column": 7,
        "line": 24,
        "offset": 774,
      },
      "start": {
        "_bufferIndex": 5,
        "_index": 44,
        "column": 6,
        "line": 24,
        "offset": 773,
      },
      "type": "commentMarker",
      "value": "/",
    },
  ],
  [
    "exit",
    {
      "_close": true,
      "end": {
        "_bufferIndex": 6,
        "_index": 44,
        "column": 7,
        "line": 24,
        "offset": 774,
      },
      "start": {
        "_bufferIndex": 5,
        "_index": 44,
        "column": 6,
        "line": 24,
        "offset": 773,
      },
      "type": "commentMarker",
      "value": "/",
    },
  ],
  [
    "enter",
    {
      "end": {
        "_bufferIndex": 7,
        "_index": 44,
        "column": 8,
        "line": 24,
        "offset": 775,
      },
      "start": {
        "_bufferIndex": 6,
        "_index": 44,
        "column": 7,
        "line": 24,
        "offset": 774,
      },
      "type": "commentPadding",
      "value": " ",
    },
  ],
  [
    "exit",
    {
      "end": {
        "_bufferIndex": 7,
        "_index": 44,
        "column": 8,
        "line": 24,
        "offset": 775,
      },
      "start": {
        "_bufferIndex": 6,
        "_index": 44,
        "column": 7,
        "line": 24,
        "offset": 774,
      },
      "type": "commentPadding",
      "value": " ",
    },
  ],
  [
    "exit",
    {
      "end": {
        "_bufferIndex": 7,
        "_index": 44,
        "column": 8,
        "line": 24,
        "offset": 775,
      },
      "start": {
        "_bufferIndex": 4,
        "_index": 44,
        "column": 5,
        "line": 24,
        "offset": 772,
      },
      "type": "commentLinePrefix",
    },
  ],
  [
    "enter",
    {
      "end": {
        "_bufferIndex": -1,
        "_index": 5,
        "column": 42,
        "line": 24,
        "offset": 809,
      },
      "start": {
        "_bufferIndex": 0,
        "_index": 4,
        "column": 8,
        "line": 24,
        "offset": 775,
      },
      "type": "data",
      "value": "successfully entering the comment.",
    },
  ],
  [
    "exit",
    {
      "end": {
        "_bufferIndex": -1,
        "_index": 5,
        "column": 42,
        "line": 24,
        "offset": 809,
      },
      "start": {
        "_bufferIndex": 0,
        "_index": 4,
        "column": 8,
        "line": 24,
        "offset": 775,
      },
      "type": "data",
      "value": "successfully entering the comment.",
    },
  ],
  [
    "exit",
    {
      "end": {
        "_bufferIndex": -1,
        "_index": 5,
        "column": 42,
        "line": 24,
        "offset": 809,
      },
      "start": {
        "_bufferIndex": 0,
        "_index": 0,
        "column": 8,
        "line": 22,
        "offset": 632,
      },
      "type": "paragraph",
    },
  ],
  [
    "exit",
    {
      "end": {
        "_bufferIndex": -1,
        "_index": 5,
        "column": 42,
        "line": 24,
        "offset": 809,
      },
      "start": {
        "_bufferIndex": 0,
        "_index": 0,
        "column": 8,
        "line": 22,
        "offset": 632,
      },
      "type": "content",
    },
  ],
  [
    "exit",
    {
      "_container": true,
      "_region": true,
      "end": {
        "_bufferIndex": -1,
        "_index": 5,
        "column": 42,
        "line": 24,
        "offset": 809,
      },
      "start": {
        "_bufferIndex": 0,
        "_index": 0,
        "column": 8,
        "line": 22,
        "offset": 632,
      },
      "type": "summary",
    },
  ],
  [
    "enter",
    {
      "end": {
        "_bufferIndex": -1,
        "_index": 6,
        "column": 1,
        "line": 25,
        "offset": 810,
      },
      "start": {
        "_bufferIndex": -1,
        "_index": 5,
        "column": 42,
        "line": 24,
        "offset": 809,
      },
      "type": "lineEnding",
      "value": "
",
    },
  ],
  [
    "exit",
    {
      "end": {
        "_bufferIndex": -1,
        "_index": 6,
        "column": 1,
        "line": 25,
        "offset": 810,
      },
      "start": {
        "_bufferIndex": -1,
        "_index": 5,
        "column": 42,
        "line": 24,
        "offset": 809,
      },
      "type": "lineEnding",
      "value": "
",
    },
  ],
  [
    "exit",
    {
      "end": {
        "_bufferIndex": 0,
        "_index": 46,
        "column": 1,
        "line": 25,
        "offset": 810,
      },
      "kind": "line",
      "lang": "js",
      "start": {
        "_bufferIndex": 4,
        "_index": 40,
        "column": 5,
        "line": 22,
        "offset": 629,
      },
      "type": "comment",
    },
  ],
  [
    "enter",
    {
      "end": {
        "_bufferIndex": 0,
        "_index": 51,
        "column": 1,
        "line": 28,
        "offset": 895,
      },
      "kind": "line",
      "lang": "js",
      "start": {
        "_bufferIndex": 4,
        "_index": 49,
        "column": 5,
        "line": 27,
        "offset": 850,
      },
      "type": "comment",
    },
  ],
  [
    "enter",
    {
      "end": {
        "_bufferIndex": 7,
        "_index": 49,
        "column": 8,
        "line": 27,
        "offset": 853,
      },
      "start": {
        "_bufferIndex": 4,
        "_index": 49,
        "column": 5,
        "line": 27,
        "offset": 850,
      },
      "type": "commentLinePrefix",
    },
  ],
  [
    "enter",
    {
      "_open": true,
      "end": {
        "_bufferIndex": 5,
        "_index": 49,
        "column": 6,
        "line": 27,
        "offset": 851,
      },
      "start": {
        "_bufferIndex": 4,
        "_index": 49,
        "column": 5,
        "line": 27,
        "offset": 850,
      },
      "type": "commentMarker",
      "value": "/",
    },
  ],
  [
    "exit",
    {
      "_open": true,
      "end": {
        "_bufferIndex": 5,
        "_index": 49,
        "column": 6,
        "line": 27,
        "offset": 851,
      },
      "start": {
        "_bufferIndex": 4,
        "_index": 49,
        "column": 5,
        "line": 27,
        "offset": 850,
      },
      "type": "commentMarker",
      "value": "/",
    },
  ],
  [
    "enter",
    {
      "_close": true,
      "end": {
        "_bufferIndex": 6,
        "_index": 49,
        "column": 7,
        "line": 27,
        "offset": 852,
      },
      "start": {
        "_bufferIndex": 5,
        "_index": 49,
        "column": 6,
        "line": 27,
        "offset": 851,
      },
      "type": "commentMarker",
      "value": "/",
    },
  ],
  [
    "exit",
    {
      "_close": true,
      "end": {
        "_bufferIndex": 6,
        "_index": 49,
        "column": 7,
        "line": 27,
        "offset": 852,
      },
      "start": {
        "_bufferIndex": 5,
        "_index": 49,
        "column": 6,
        "line": 27,
        "offset": 851,
      },
      "type": "commentMarker",
      "value": "/",
    },
  ],
  [
    "enter",
    {
      "end": {
        "_bufferIndex": 7,
        "_index": 49,
        "column": 8,
        "line": 27,
        "offset": 853,
      },
      "start": {
        "_bufferIndex": 6,
        "_index": 49,
        "column": 7,
        "line": 27,
        "offset": 852,
      },
      "type": "commentPadding",
      "value": " ",
    },
  ],
  [
    "exit",
    {
      "end": {
        "_bufferIndex": 7,
        "_index": 49,
        "column": 8,
        "line": 27,
        "offset": 853,
      },
      "start": {
        "_bufferIndex": 6,
        "_index": 49,
        "column": 7,
        "line": 27,
        "offset": 852,
      },
      "type": "commentPadding",
      "value": " ",
    },
  ],
  [
    "exit",
    {
      "end": {
        "_bufferIndex": 7,
        "_index": 49,
        "column": 8,
        "line": 27,
        "offset": 853,
      },
      "start": {
        "_bufferIndex": 4,
        "_index": 49,
        "column": 5,
        "line": 27,
        "offset": 850,
      },
      "type": "commentLinePrefix",
    },
  ],
  [
    "enter",
    {
      "_container": true,
      "_region": true,
      "end": {
        "_bufferIndex": -1,
        "_index": 1,
        "column": 49,
        "line": 27,
        "offset": 894,
      },
      "start": {
        "_bufferIndex": 0,
        "_index": 0,
        "column": 8,
        "line": 27,
        "offset": 853,
      },
      "type": "summary",
    },
  ],
  [
    "enter",
    {
      "end": {
        "_bufferIndex": 0,
        "_index": 0,
        "column": 8,
        "line": 27,
        "offset": 853,
      },
      "start": {
        "_bufferIndex": 0,
        "_index": 0,
        "column": 8,
        "line": 27,
        "offset": 853,
      },
      "type": "summaryMarker",
    },
  ],
  [
    "exit",
    {
      "end": {
        "_bufferIndex": 0,
        "_index": 0,
        "column": 8,
        "line": 27,
        "offset": 853,
      },
      "start": {
        "_bufferIndex": 0,
        "_index": 0,
        "column": 8,
        "line": 27,
        "offset": 853,
      },
      "type": "summaryMarker",
    },
  ],
  [
    "enter",
    {
      "end": {
        "_bufferIndex": -1,
        "_index": 1,
        "column": 49,
        "line": 27,
        "offset": 894,
      },
      "start": {
        "_bufferIndex": 0,
        "_index": 0,
        "column": 8,
        "line": 27,
        "offset": 853,
      },
      "type": "content",
    },
  ],
  [
    "enter",
    {
      "end": {
        "_bufferIndex": -1,
        "_index": 1,
        "column": 49,
        "line": 27,
        "offset": 894,
      },
      "start": {
        "_bufferIndex": 0,
        "_index": 0,
        "column": 8,
        "line": 27,
        "offset": 853,
      },
      "type": "paragraph",
    },
  ],
  [
    "enter",
    {
      "end": {
        "_bufferIndex": -1,
        "_index": 1,
        "column": 49,
        "line": 27,
        "offset": 894,
      },
      "start": {
        "_bufferIndex": 0,
        "_index": 0,
        "column": 8,
        "line": 27,
        "offset": 853,
      },
      "type": "data",
      "value": "eat whitespace before attempting comment.",
    },
  ],
  [
    "exit",
    {
      "end": {
        "_bufferIndex": -1,
        "_index": 1,
        "column": 49,
        "line": 27,
        "offset": 894,
      },
      "start": {
        "_bufferIndex": 0,
        "_index": 0,
        "column": 8,
        "line": 27,
        "offset": 853,
      },
      "type": "data",
      "value": "eat whitespace before attempting comment.",
    },
  ],
  [
    "exit",
    {
      "end": {
        "_bufferIndex": -1,
        "_index": 1,
        "column": 49,
        "line": 27,
        "offset": 894,
      },
      "start": {
        "_bufferIndex": 0,
        "_index": 0,
        "column": 8,
        "line": 27,
        "offset": 853,
      },
      "type": "paragraph",
    },
  ],
  [
    "exit",
    {
      "end": {
        "_bufferIndex": -1,
        "_index": 1,
        "column": 49,
        "line": 27,
        "offset": 894,
      },
      "start": {
        "_bufferIndex": 0,
        "_index": 0,
        "column": 8,
        "line": 27,
        "offset": 853,
      },
      "type": "content",
    },
  ],
  [
    "exit",
    {
      "_container": true,
      "_region": true,
      "end": {
        "_bufferIndex": -1,
        "_index": 1,
        "column": 49,
        "line": 27,
        "offset": 894,
      },
      "start": {
        "_bufferIndex": 0,
        "_index": 0,
        "column": 8,
        "line": 27,
        "offset": 853,
      },
      "type": "summary",
    },
  ],
  [
    "enter",
    {
      "end": {
        "_bufferIndex": -1,
        "_index": 2,
        "column": 1,
        "line": 28,
        "offset": 895,
      },
      "start": {
        "_bufferIndex": -1,
        "_index": 1,
        "column": 49,
        "line": 27,
        "offset": 894,
      },
      "type": "lineEnding",
      "value": "
",
    },
  ],
  [
    "exit",
    {
      "end": {
        "_bufferIndex": -1,
        "_index": 2,
        "column": 1,
        "line": 28,
        "offset": 895,
      },
      "start": {
        "_bufferIndex": -1,
        "_index": 1,
        "column": 49,
        "line": 27,
        "offset": 894,
      },
      "type": "lineEnding",
      "value": "
",
    },
  ],
  [
    "exit",
    {
      "end": {
        "_bufferIndex": 0,
        "_index": 51,
        "column": 1,
        "line": 28,
        "offset": 895,
      },
      "kind": "line",
      "lang": "js",
      "start": {
        "_bufferIndex": 4,
        "_index": 49,
        "column": 5,
        "line": 27,
        "offset": 850,
      },
      "type": "comment",
    },
  ],
  [
    "enter",
    {
      "end": {
        "_bufferIndex": 0,
        "_index": 56,
        "column": 1,
        "line": 31,
        "offset": 1000,
      },
      "kind": "line",
      "lang": "js",
      "start": {
        "_bufferIndex": 4,
        "_index": 54,
        "column": 5,
        "line": 30,
        "offset": 973,
      },
      "type": "comment",
    },
  ],
  [
    "enter",
    {
      "end": {
        "_bufferIndex": 7,
        "_index": 54,
        "column": 8,
        "line": 30,
        "offset": 976,
      },
      "start": {
        "_bufferIndex": 4,
        "_index": 54,
        "column": 5,
        "line": 30,
        "offset": 973,
      },
      "type": "commentLinePrefix",
    },
  ],
  [
    "enter",
    {
      "_open": true,
      "end": {
        "_bufferIndex": 5,
        "_index": 54,
        "column": 6,
        "line": 30,
        "offset": 974,
      },
      "start": {
        "_bufferIndex": 4,
        "_index": 54,
        "column": 5,
        "line": 30,
        "offset": 973,
      },
      "type": "commentMarker",
      "value": "/",
    },
  ],
  [
    "exit",
    {
      "_open": true,
      "end": {
        "_bufferIndex": 5,
        "_index": 54,
        "column": 6,
        "line": 30,
        "offset": 974,
      },
      "start": {
        "_bufferIndex": 4,
        "_index": 54,
        "column": 5,
        "line": 30,
        "offset": 973,
      },
      "type": "commentMarker",
      "value": "/",
    },
  ],
  [
    "enter",
    {
      "_close": true,
      "end": {
        "_bufferIndex": 6,
        "_index": 54,
        "column": 7,
        "line": 30,
        "offset": 975,
      },
      "start": {
        "_bufferIndex": 5,
        "_index": 54,
        "column": 6,
        "line": 30,
        "offset": 974,
      },
      "type": "commentMarker",
      "value": "/",
    },
  ],
  [
    "exit",
    {
      "_close": true,
      "end": {
        "_bufferIndex": 6,
        "_index": 54,
        "column": 7,
        "line": 30,
        "offset": 975,
      },
      "start": {
        "_bufferIndex": 5,
        "_index": 54,
        "column": 6,
        "line": 30,
        "offset": 974,
      },
      "type": "commentMarker",
      "value": "/",
    },
  ],
  [
    "enter",
    {
      "end": {
        "_bufferIndex": 7,
        "_index": 54,
        "column": 8,
        "line": 30,
        "offset": 976,
      },
      "start": {
        "_bufferIndex": 6,
        "_index": 54,
        "column": 7,
        "line": 30,
        "offset": 975,
      },
      "type": "commentPadding",
      "value": " ",
    },
  ],
  [
    "exit",
    {
      "end": {
        "_bufferIndex": 7,
        "_index": 54,
        "column": 8,
        "line": 30,
        "offset": 976,
      },
      "start": {
        "_bufferIndex": 6,
        "_index": 54,
        "column": 7,
        "line": 30,
        "offset": 975,
      },
      "type": "commentPadding",
      "value": " ",
    },
  ],
  [
    "exit",
    {
      "end": {
        "_bufferIndex": 7,
        "_index": 54,
        "column": 8,
        "line": 30,
        "offset": 976,
      },
      "start": {
        "_bufferIndex": 4,
        "_index": 54,
        "column": 5,
        "line": 30,
        "offset": 973,
      },
      "type": "commentLinePrefix",
    },
  ],
  [
    "enter",
    {
      "_container": true,
      "_region": true,
      "end": {
        "_bufferIndex": -1,
        "_index": 1,
        "column": 31,
        "line": 30,
        "offset": 999,
      },
      "start": {
        "_bufferIndex": 0,
        "_index": 0,
        "column": 8,
        "line": 30,
        "offset": 976,
      },
      "type": "summary",
    },
  ],
  [
    "enter",
    {
      "end": {
        "_bufferIndex": 0,
        "_index": 0,
        "column": 8,
        "line": 30,
        "offset": 976,
      },
      "start": {
        "_bufferIndex": 0,
        "_index": 0,
        "column": 8,
        "line": 30,
        "offset": 976,
      },
      "type": "summaryMarker",
    },
  ],
  [
    "exit",
    {
      "end": {
        "_bufferIndex": 0,
        "_index": 0,
        "column": 8,
        "line": 30,
        "offset": 976,
      },
      "start": {
        "_bufferIndex": 0,
        "_index": 0,
        "column": 8,
        "line": 30,
        "offset": 976,
      },
      "type": "summaryMarker",
    },
  ],
  [
    "enter",
    {
      "end": {
        "_bufferIndex": -1,
        "_index": 1,
        "column": 31,
        "line": 30,
        "offset": 999,
      },
      "start": {
        "_bufferIndex": 0,
        "_index": 0,
        "column": 8,
        "line": 30,
        "offset": 976,
      },
      "type": "content",
    },
  ],
  [
    "enter",
    {
      "end": {
        "_bufferIndex": -1,
        "_index": 1,
        "column": 31,
        "line": 30,
        "offset": 999,
      },
      "start": {
        "_bufferIndex": 0,
        "_index": 0,
        "column": 8,
        "line": 30,
        "offset": 976,
      },
      "type": "paragraph",
    },
  ],
  [
    "enter",
    {
      "end": {
        "_bufferIndex": -1,
        "_index": 1,
        "column": 31,
        "line": 30,
        "offset": 999,
      },
      "start": {
        "_bufferIndex": 0,
        "_index": 0,
        "column": 8,
        "line": 30,
        "offset": 976,
      },
      "type": "data",
      "value": "try entering a comment.",
    },
  ],
  [
    "exit",
    {
      "end": {
        "_bufferIndex": -1,
        "_index": 1,
        "column": 31,
        "line": 30,
        "offset": 999,
      },
      "start": {
        "_bufferIndex": 0,
        "_index": 0,
        "column": 8,
        "line": 30,
        "offset": 976,
      },
      "type": "data",
      "value": "try entering a comment.",
    },
  ],
  [
    "exit",
    {
      "end": {
        "_bufferIndex": -1,
        "_index": 1,
        "column": 31,
        "line": 30,
        "offset": 999,
      },
      "start": {
        "_bufferIndex": 0,
        "_index": 0,
        "column": 8,
        "line": 30,
        "offset": 976,
      },
      "type": "paragraph",
    },
  ],
  [
    "exit",
    {
      "end": {
        "_bufferIndex": -1,
        "_index": 1,
        "column": 31,
        "line": 30,
        "offset": 999,
      },
      "start": {
        "_bufferIndex": 0,
        "_index": 0,
        "column": 8,
        "line": 30,
        "offset": 976,
      },
      "type": "content",
    },
  ],
  [
    "exit",
    {
      "_container": true,
      "_region": true,
      "end": {
        "_bufferIndex": -1,
        "_index": 1,
        "column": 31,
        "line": 30,
        "offset": 999,
      },
      "start": {
        "_bufferIndex": 0,
        "_index": 0,
        "column": 8,
        "line": 30,
        "offset": 976,
      },
      "type": "summary",
    },
  ],
  [
    "enter",
    {
      "end": {
        "_bufferIndex": -1,
        "_index": 2,
        "column": 1,
        "line": 31,
        "offset": 1000,
      },
      "start": {
        "_bufferIndex": -1,
        "_index": 1,
        "column": 31,
        "line": 30,
        "offset": 999,
      },
      "type": "lineEnding",
      "value": "
",
    },
  ],
  [
    "exit",
    {
      "end": {
        "_bufferIndex": -1,
        "_index": 2,
        "column": 1,
        "line": 31,
        "offset": 1000,
      },
      "start": {
        "_bufferIndex": -1,
        "_index": 1,
        "column": 31,
        "line": 30,
        "offset": 999,
      },
      "type": "lineEnding",
      "value": "
",
    },
  ],
  [
    "exit",
    {
      "end": {
        "_bufferIndex": 0,
        "_index": 56,
        "column": 1,
        "line": 31,
        "offset": 1000,
      },
      "kind": "line",
      "lang": "js",
      "start": {
        "_bufferIndex": 4,
        "_index": 54,
        "column": 5,
        "line": 30,
        "offset": 973,
      },
      "type": "comment",
    },
  ],
  [
    "enter",
    {
      "end": {
        "_bufferIndex": -1,
        "_index": 60,
        "column": 4,
        "line": 32,
        "offset": 1073,
      },
      "start": {
        "_bufferIndex": -1,
        "_index": 59,
        "column": 4,
        "line": 32,
        "offset": 1073,
      },
      "type": "eoc",
    },
  ],
  [
    "exit",
    {
      "end": {
        "_bufferIndex": -1,
        "_index": 60,
        "column": 4,
        "line": 32,
        "offset": 1073,
      },
      "start": {
        "_bufferIndex": -1,
        "_index": 59,
        "column": 4,
        "line": 32,
        "offset": 1073,
      },
      "type": "eoc",
    },
  ],
]
`;
